// Jest Snapshot v1, https://goo.gl/fbAQLP

exports[`containers/NewPost/NewPost.js in general should render correct snapshot 1`] = `
<Connect(Form(Connect(NewPost)))
  destroyOnUnmount={true}
  enableReinitialize={false}
  forceUnregisterOnUnmount={false}
  form="PostsNewForm"
  getFormState={[Function]}
  keepDirtyOnReinitialize={false}
  persistentSubmitErrors={false}
  pure={true}
  shouldAsyncValidate={[Function]}
  shouldValidate={[Function]}
  touchOnBlur={true}
  touchOnChange={false}
  validate={[Function]}
/>
`;
